[F[2K[31m[39m
[31m   ┌────────────────────────────────────────────────────────┐[39m
   [31m│[39m                                                        [31m│[39m
   [31m│[39m                   [1mDimitar Nestorov [22m                    [31m│[39m
   [31m│[39m               [31mgmail@dimitarnestorov.com[39m                [31m│[39m
   [31m│[39m                                                        [31m│[39m
   [31m│[39m            Software Engineer at Codemotion             [31m│[39m
   [31m│[39m                                                        [31m│[39m
   [31m│[39m      Twitter: [31mhttps://twitter.com/dimitarnestorov[39m      [31m│[39m
   [31m│[39m       GitHub: [31mhttps://github.com/dimitarnestorov[39m       [31m│[39m
   [31m│[39m      Website: [31mhttps://dimitarnestorov.com[39m              [31m│[39m
   [31m│[39m                                                        [31m│[39m
[31m   └────────────────────────────────────────────────────────┘[39m
[31m[39m
