[F[2K[31m[39m
[31m   ┌────────────────────────────────────────────────────────┐[39m
   [31m│[39m                                                        [31m│[39m
   [31m│[39m                   [1mDimitar Nestorov [22m                    [31m│[39m
   [31m│[39m               [31m]8;;mailto:gmail@dimitarnestorov.comgmail@dimitarnestorov.com]8;;[39m                [31m│[39m
   [31m│[39m                                                        [31m│[39m
   [31m│[39m            Software Engineer at ]8;;https://codemotionapps.comCodemotion]8;;             [31m│[39m
   [31m│[39m                                                        [31m│[39m
   [31m│[39m      Twitter: [31m]8;;https://twitter.com/dimitarnestorovhttps://twitter.com/dimitarnestorov]8;;[39m      [31m│[39m
   [31m│[39m       GitHub: [31m]8;;https://github.com/dimitarnestorovhttps://github.com/dimitarnestorov]8;;[39m       [31m│[39m
   [31m│[39m      Website: [31m]8;;https://dimitarnestorov.comhttps://dimitarnestorov.com]8;;[39m              [31m│[39m
   [31m│[39m                                                        [31m│[39m
[31m   └────────────────────────────────────────────────────────┘[39m
[31m[39m
